// Jest Snapshot v1, https://goo.gl/fbAQLP

exports[`render transactions hash 1`] = `
<div>
  <div
    class="MuiBox-root css-1gvmo7"
  >
    <p
      class="MuiTypography-root MuiTypography-body2 css-rdc7yt-MuiTypography-root"
      title="0x6399e5841ee8b11186186c1a3aed92d93041e22bef09f599460735492b57851d"
    >
      0x6399e5841ee8b11186186c1a3aed92d93041e22bef09f599460735492b57851d
    </p>
    <svg
      aria-hidden="true"
      aria-label="copy to clipboard"
      class="MuiSvgIcon-root MuiSvgIcon-fontSizeMedium css-eibj8z-MuiSvgIcon-root"
      data-mui-internal-clone-element="true"
      data-testid="ContentCopyIcon"
      focusable="false"
      viewBox="0 0 24 24"
    >
      <path
        d="M16 1H4c-1.1 0-2 .9-2 2v14h2V3h12V1zm3 4H8c-1.1 0-2 .9-2 2v14c0 1.1.9 2 2 2h11c1.1 0 2-.9 2-2V7c0-1.1-.9-2-2-2zm0 16H8V7h11v14z"
      />
    </svg>
    <div
      class="MuiBox-root css-1isemmb"
    />
    <a
      class="MuiTypography-root MuiTypography-inherit MuiLink-root MuiLink-underlineAlways css-1dkk3ib-MuiTypography-root-MuiLink-root"
      href="https://polygonscan.com/tx/0x6399e5841ee8b11186186c1a3aed92d93041e22bef09f599460735492b57851d"
      rel="noopener noreferrer"
      target="_blank"
      title="https://polygonscan.com/tx/0x6399e5841ee8b11186186c1a3aed92d93041e22bef09f599460735492b57851d"
    >
      <svg
        aria-hidden="true"
        class="MuiSvgIcon-root MuiSvgIcon-fontSizeMedium css-eibj8z-MuiSvgIcon-root"
        data-testid="OpenInNewIcon"
        focusable="false"
        viewBox="0 0 24 24"
      >
        <path
          d="M19 19H5V5h7V3H5c-1.11 0-2 .9-2 2v14c0 1.1.89 2 2 2h14c1.1 0 2-.9 2-2v-7h-2v7zM14 3v2h3.59l-9.83 9.83 1.41 1.41L19 6.41V10h2V3h-7z"
        />
      </svg>
    </a>
  </div>
</div>
`;

exports[`render transactions hash with short prop 1`] = `
<div>
  <div
    class="MuiBox-root css-1gvmo7"
  >
    <p
      class="MuiTypography-root MuiTypography-body2 css-rdc7yt-MuiTypography-root"
      title="0x6399e5841ee8b11186186c1a3aed92d93041e22bef09f599460735492b57851d"
    >
      0x6399e5841ee8b11186186c1a3aed92d93041e22bef09f599460735492b57851d
    </p>
    <svg
      aria-hidden="true"
      aria-label="copy to clipboard"
      class="MuiSvgIcon-root MuiSvgIcon-fontSizeMedium css-eibj8z-MuiSvgIcon-root"
      data-mui-internal-clone-element="true"
      data-testid="ContentCopyIcon"
      focusable="false"
      viewBox="0 0 24 24"
    >
      <path
        d="M16 1H4c-1.1 0-2 .9-2 2v14h2V3h12V1zm3 4H8c-1.1 0-2 .9-2 2v14c0 1.1.9 2 2 2h11c1.1 0 2-.9 2-2V7c0-1.1-.9-2-2-2zm0 16H8V7h11v14z"
      />
    </svg>
    <div
      class="MuiBox-root css-1isemmb"
    />
    <a
      class="MuiTypography-root MuiTypography-inherit MuiLink-root MuiLink-underlineAlways css-1dkk3ib-MuiTypography-root-MuiLink-root"
      href="https://polygonscan.com/tx/0x6399e5841ee8b11186186c1a3aed92d93041e22bef09f599460735492b57851d"
      rel="noopener noreferrer"
      target="_blank"
      title="https://polygonscan.com/tx/0x6399e5841ee8b11186186c1a3aed92d93041e22bef09f599460735492b57851d"
    >
      <svg
        aria-hidden="true"
        class="MuiSvgIcon-root MuiSvgIcon-fontSizeMedium css-eibj8z-MuiSvgIcon-root"
        data-testid="OpenInNewIcon"
        focusable="false"
        viewBox="0 0 24 24"
      >
        <path
          d="M19 19H5V5h7V3H5c-1.11 0-2 .9-2 2v14c0 1.1.89 2 2 2h14c1.1 0 2-.9 2-2v-7h-2v7zM14 3v2h3.59l-9.83 9.83 1.41 1.41L19 6.41V10h2V3h-7z"
        />
      </svg>
    </a>
  </div>
</div>
`;

exports[`render wallet with short prop set: rerender with short prop 1`] = `
"Snapshot Diff:
- First value
+ Second value

@@ -1,11 +1,11 @@
  <DocumentFragment>
    <div
      class=\\"MuiBox-root css-1gvmo7\\"
    >
      <p
-       class=\\"MuiTypography-root MuiTypography-body2 css-rdc7yt-MuiTypography-root\\"
+       class=\\"MuiTypography-root MuiTypography-body2 css-18mpm0x-MuiTypography-root\\"
        title=\\"0x6399e5841ee8b11186186c1a3aed92d93041e22bef09f599460735492b57851d\\"
      >
        0x6399e5841ee8b11186186c1a3aed92d93041e22bef09f599460735492b57851d
      </p>
      <svg"
`;
